// Bun Snapshot v1, https://bun.sh/docs/test/snapshots

exports[`FileConfigSchema should generate a jsonschema 1`] = `
"{
  "$schema": "http://json-schema.org/draft-07/schema#",
  "type": "object",
  "properties": {
    "server": {
      "description": "Server Configuration",
      "type": "object",
      "properties": {
        "host": {
          "description": "The IP address the server will bind to",
          "default": "127.0.0.1",
          "type": "string",
          "format": "ipv4",
          "pattern": "^(?:(?:25[0-5]|2[0-4][0-9]|1[0-9][0-9]|[1-9][0-9]|[0-9])\\\\.){3}(?:25[0-5]|2[0-4][0-9]|1[0-9][0-9]|[1-9][0-9]|[0-9])$"
        },
        "port": {
          "description": "The port the server will listen on",
          "default": 3001,
          "type": "integer",
          "minimum": 1,
          "maximum": 65535
        }
      },
      "additionalProperties": false
    },
    "database": {
      "description": "Database Configuration",
      "type": "object",
      "properties": {
        "url": {
          "description": "The SQLite database file path",
          "default": "C:\\\\Users\\\\jonat\\\\Projects\\\\dcs-dropzone\\\\apps\\\\daemon\\\\src\\\\config\\\\data.sqlite",
          "type": "string"
        }
      },
      "additionalProperties": false
    },
    "binaries": {
      "description": "Third Party Binaries Configuration",
      "type": "object",
      "properties": {
        "wget": {
          "description": "Path to the wget binary, if not provided the system path will be used",
          "default": "C:\\\\Users\\\\jonat\\\\Projects\\\\dcs-dropzone\\\\apps\\\\daemon\\\\src\\\\config\\\\bin\\\\wget.exe",
          "type": "string"
        },
        "sevenzip": {
          "description": "Path to the 7z binary, if not provided the system path will be used",
          "default": "C:\\\\Users\\\\jonat\\\\Projects\\\\dcs-dropzone\\\\apps\\\\daemon\\\\src\\\\config\\\\bin\\\\7za.exe",
          "type": "string"
        }
      },
      "additionalProperties": false
    },
    "dcs": {
      "description": "DCS World Configuration",
      "type": "object",
      "properties": {
        "dcs_working_dir": {
          "description": "Path to DCS working directory",
          "default": "C:\\\\Users\\\\jonat\\\\Saved Games\\\\DCS",
          "type": "string"
        },
        "dcs_install_dir": {
          "description": "Path to DCS installation directory",
          "default": "C:\\\\Program Files\\\\Eagle Dynamics\\\\DCS World",
          "type": "string"
        }
      },
      "additionalProperties": false
    },
    "app": {
      "description": "Application Configuration",
      "type": "object",
      "properties": {
        "mods_dir": {
          "description": "The directory where mods will be stored",
          "default": "C:\\\\Users\\\\jonat\\\\Projects\\\\dcs-dropzone\\\\apps\\\\daemon\\\\src\\\\config\\\\data",
          "type": "string"
        },
        "tui_enabled": {
          "description": "Enable or disable the TUI interface",
          "default": true,
          "type": "boolean"
        }
      },
      "additionalProperties": false
    }
  },
  "additionalProperties": false
}"
`;
